// Jest Snapshot v1, https://goo.gl/fbAQLP

exports[`Homepage should match the snapshot 1`] = `"@todo implement homepage"`;
